[oracle@localhost ~]$ cat / etc /oratab
cat: /: Is a directory
cat: etc: No such file or directory
cat: /oratab: No such file or directory
[oracle@localhost ~]$ cat /etc/oratab
#



# This file is used by ORACLE utilities.  It is created by root.sh
# and updated by either Database Configuration Assistant while creating
# a database or ASM Configuration Assistant while creating ASM instance.

# A colon, ':', is used as the field terminator.  A new line terminates
# the entry.  Lines beginning with a pound sign, '#', are comments.
#
# Entries are of the form:
#   $ORACLE_SID:$ORACLE_HOME:<N|Y>:
#
# The first and second fields are the system identifier and home
# directory of the database respectively.  The third field indicates
# to the dbstart utility that the database should , "Y", or should not,
# "N", be brought up at system boot time.
#
# Multiple entries with the same $ORACLE_SID are not allowed.
#
#
prod:/u01/app/oracle/product/19.0.0/dbhome_1:N
[oracle@localhost ~]$  . oraenv
ORACLE_SID = [oracle] ? prod
The Oracle base has been set to /u01/app/oracle
[oracle@localhost ~]$ sqlplus

SQL*Plus: Release 19.0.0.0.0 - Production on Tue Jul 29 16:49:29 2025
Version 19.3.0.0.0

Copyright (c) 1982, 2019, Oracle.  All rights reserved.

Enter user-name: oracle
Enter password: 
ERROR:
ORA-01034: ORACLE not available
ORA-27101: shared memory realm does not exist
Linux-x86_64 Error: 2: No such file or directory
Additional information: 4376
Additional information: -1899228125
Process ID: 0
Session ID: 0 Serial number: 0


Enter user-name: sys as sysdba
Enter password: 
Connected to an idle instance.

SQL> startup
ORACLE instance started.

Total System Global Area 1493168352 bytes
Fixed Size		    8896736 bytes
Variable Size		  889192448 bytes
Database Buffers	  587202560 bytes
Redo Buffers		    7876608 bytes
Database mounted.
Database opened.
SQL> ho
[oracle@localhost ~]$ select name from v$datafile;
bash: syntax error near unexpected token `from'
[oracle@localhost ~]$ select name from v$datafile;
bash: syntax error near unexpected token `from'
[oracle@localhost ~]$  . orarnv
bash: orarnv: No such file or directory
[oracle@localhost ~]$ . oraenv
ORACLE_SID = [prod] ? prod
The Oracle base remains unchanged with value /u01/app/oracle
[oracle@localhost ~]$ sqlplus / as sysdba

SQL*Plus: Release 19.0.0.0.0 - Production on Tue Jul 29 16:55:17 2025
Version 19.3.0.0.0

Copyright (c) 1982, 2019, Oracle.  All rights reserved.


Connected to:
Oracle Database 19c Enterprise Edition Release 19.0.0.0.0 - Production
Version 19.3.0.0.0

SQL> select name from v$datafile;

NAME
--------------------------------------------------------------------------------
/u01/app/oracle/oradata/PROD/system01.dbf
/u01/app/oracle/oradata/PROD/sysaux01.dbf
/u01/app/oracle/oradata/PROD/undotbs01.dbf
/u01/app/oracle/oradata/PROD/users01.dbf

SQL> ho
[oracle@localhost ~]$ pwd
/home/oracle
[oracle@localhost ~]$ cd /u01/app/oracle/oradata/PROD
[oracle@localhost PROD]$ pwd
/u01/app/oracle/oradata/PROD
[oracle@localhost PROD]$ ll
total 2447276
-rw-r-----. 1 oracle oinstall  10600448 Jul 29 16:56 control01.ctl
-rw-r-----. 1 oracle oinstall 209715712 Jul 29 16:50 redo01.log
-rw-r-----. 1 oracle oinstall 209715712 Jul 29 16:50 redo02.log
-rw-r-----. 1 oracle oinstall 209715712 Jul 29 16:56 redo03.log
-rw-r-----. 1 oracle oinstall 555753472 Jul 29 16:56 sysaux01.dbf
-rw-r-----. 1 oracle oinstall 943726592 Jul 29 16:55 system01.dbf
-rw-r-----. 1 oracle oinstall  33562624 Jul 27 14:00 temp01.dbf
-rw-r-----. 1 oracle oinstall 356524032 Jul 29 16:55 undotbs01.dbf
-rw-r-----. 1 oracle oinstall   5251072 Jul 29 16:50 users01.dbf
[oracle@localhost PROD]$ exit
exit

SQL> ho
[oracle@localhost ~]$ cd ^C
[oracle@localhost ~]$ cd u01/app/oracle/product/19.0.0/dbhome_1
bash: cd: u01/app/oracle/product/19.0.0/dbhome_1: No such file or directory
[oracle@localhost ~]$ pwd
/home/oracle
[oracle@localhost ~]$ ll
total 0
drwxr-xr-x. 2 oracle oinstall 6 Jul 27 13:33 Desktop
drwxr-xr-x. 2 oracle oinstall 6 Jul 27 13:33 Documents
drwxr-xr-x. 2 oracle oinstall 6 Jul 27 13:33 Downloads
drwxr-xr-x. 2 oracle oinstall 6 Jul 27 13:33 Music
drwxr-xr-x. 2 oracle oinstall 6 Jul 27 13:33 Pictures
drwxr-xr-x. 2 oracle oinstall 6 Jul 27 13:33 Public
drwxr-xr-x. 2 oracle oinstall 6 Jul 27 13:33 Templates
drwxr-xr-x. 2 oracle oinstall 6 Jul 27 13:33 Videos
[oracle@localhost ~]$ cd Desktop
[oracle@localhost Desktop]$ cd u01/app/oracle/product/19.0.0/dbhome_1
bash: cd: u01/app/oracle/product/19.0.0/dbhome_1: No such file or directory
[oracle@localhost Desktop]$ cd u01/app/oracle/product/19.0.0/dbhome_1
bash: cd: u01/app/oracle/product/19.0.0/dbhome_1: No such file or directory
[oracle@localhost Desktop]$ u01/app/oracle/product/19.0.0/dbhome_1
bash: u01/app/oracle/product/19.0.0/dbhome_1: No such file or directory
[oracle@localhost Desktop]$ ll
total 0
[oracle@localhost Desktop]$ ls
[oracle@localhost Desktop]$ ll
total 0
[oracle@localhost Desktop]$ pwd
/home/oracle/Desktop
[oracle@localhost Desktop]$ ls
[oracle@localhost Desktop]$ 
[oracle@localhost Desktop]$ ll
total 0
[oracle@localhost Desktop]$ 
[oracle@localhost Desktop]$ 
[oracle@localhost Desktop]$ cd dbs
bash: cd: dbs: No such file or directory
[oracle@localhost Desktop]$ exit
exit

SQL> show parameter;

NAME				     TYPE	 VALUE
------------------------------------ ----------- ------------------------------
DBFIPS_140			     boolean	 FALSE
active_instance_count		     integer
adg_account_info_tracking	     string	 LOCAL
adg_redirect_dml		     boolean	 FALSE
allow_global_dblinks		     boolean	 FALSE
allow_group_access_to_sga	     boolean	 FALSE
allow_rowid_column_type 	     boolean	 FALSE
approx_for_aggregation		     boolean	 FALSE
approx_for_count_distinct	     boolean	 FALSE
approx_for_percentile		     string	 none
aq_tm_processes 		     integer	 1

NAME				     TYPE	 VALUE
------------------------------------ ----------- ------------------------------
archive_lag_target		     integer	 0
asm_diskstring			     string
asm_preferred_read_failure_groups    string
audit_file_dest 		     string	 /u01/app/oracle/admin/prod/adu
						 mp
audit_sys_operations		     boolean	 TRUE
audit_syslog_level		     string
audit_trail			     string	 DB
autotask_max_active_pdbs	     integer	 2
awr_pdb_autoflush_enabled	     boolean	 FALSE
awr_pdb_max_parallel_slaves	     integer	 10

NAME				     TYPE	 VALUE
------------------------------------ ----------- ------------------------------
awr_snapshot_time_offset	     integer	 0
background_core_dump		     string	 partial
background_dump_dest		     string	 /u01/app/oracle/product/19.0.0
						 /dbhome_1/rdbms/log
backup_tape_io_slaves		     boolean	 FALSE
bitmap_merge_area_size		     integer	 1048576
blank_trimming			     boolean	 FALSE
buffer_pool_keep		     string
buffer_pool_recycle		     string
cdb_cluster			     boolean	 FALSE
cdb_cluster_name		     string

NAME				     TYPE	 VALUE
------------------------------------ ----------- ------------------------------
cell_offload_compaction 	     string	 ADAPTIVE
cell_offload_decryption 	     boolean	 TRUE
cell_offload_parameters 	     string
cell_offload_plan_display	     string	 AUTO
cell_offload_processing 	     boolean	 TRUE
cell_offloadgroup_name		     string
circuits			     integer
client_result_cache_lag 	     big integer 3000
client_result_cache_size	     big integer 0
client_statistics_level 	     string	 TYPICAL
clonedb 			     boolean	 FALSE

NAME				     TYPE	 VALUE
------------------------------------ ----------- ------------------------------
clonedb_dir			     string
cluster_database		     boolean	 FALSE
cluster_database_instances	     integer	 1
cluster_interconnects		     string
commit_logging			     string
commit_point_strength		     integer	 1
commit_wait			     string
commit_write			     string
common_user_prefix		     string	 C##
compatible			     string	 19.0.0
connection_brokers		     string	 ((TYPE=DEDICATED)(BROKERS=1)),

NAME				     TYPE	 VALUE
------------------------------------ ----------- ------------------------------
						  ((TYPE=EMON)(BROKERS=1))
containers_parallel_degree	     integer	 65535
control_file_record_keep_time	     integer	 7
control_files			     string	 /u01/app/oracle/oradata/PROD/c
						 ontrol01.ctl, /u01/app/oracle/
						 fast_recovery_area/PROD/contro
						 l02.ctl
control_management_pack_access	     string	 DIAGNOSTIC+TUNING
core_dump_dest			     string	 /u01/app/oracle/diag/rdbms/pro
						 d/prod/cdump
cpu_count			     integer	 1

NAME				     TYPE	 VALUE
------------------------------------ ----------- ------------------------------
cpu_min_count			     string	 1
create_bitmap_area_size 	     integer	 8388608
create_stored_outlines		     string
cursor_bind_capture_destination      string	 memory+disk
cursor_invalidation		     string	 IMMEDIATE
cursor_sharing			     string	 EXACT
cursor_space_for_time		     boolean	 FALSE
data_guard_max_io_time		     integer	 240
data_guard_max_longio_time	     integer	 240
data_guard_sync_latency 	     integer	 0
data_transfer_cache_size	     big integer 0

NAME				     TYPE	 VALUE
------------------------------------ ----------- ------------------------------
db_16k_cache_size		     big integer 0
db_2k_cache_size		     big integer 0
db_32k_cache_size		     big integer 0
db_4k_cache_size		     big integer 0
db_8k_cache_size		     big integer 0
db_big_table_cache_percent_target    string	 0
db_block_buffers		     integer	 0
db_block_checking		     string	 FALSE
db_block_checksum		     string	 TYPICAL
db_block_size			     integer	 8192
db_cache_advice 		     string	 ON

NAME				     TYPE	 VALUE
------------------------------------ ----------- ------------------------------
db_cache_size			     big integer 0
db_create_file_dest		     string
db_create_online_log_dest_1	     string
db_create_online_log_dest_2	     string
db_create_online_log_dest_3	     string
db_create_online_log_dest_4	     string
db_create_online_log_dest_5	     string
db_domain			     string
db_file_multiblock_read_count	     integer	 128
db_file_name_convert		     string
db_files			     integer	 200

NAME				     TYPE	 VALUE
------------------------------------ ----------- ------------------------------
db_flash_cache_file		     string
db_flash_cache_size		     big integer 0
db_flashback_retention_target	     integer	 1440
db_index_compression_inheritance     string	 NONE
db_keep_cache_size		     big integer 0
db_lost_write_protect		     string	 NONE
db_name 			     string	 prod
db_performance_profile		     string
db_recovery_file_dest		     string	 /u01/app/oracle/fast_recovery_
						 area
db_recovery_file_dest_size	     big integer 8256M

NAME				     TYPE	 VALUE
------------------------------------ ----------- ------------------------------
db_recycle_cache_size		     big integer 0
db_securefile			     string	 PREFERRED
db_ultra_safe			     string	 OFF
db_unique_name			     string	 prod
db_unrecoverable_scn_tracking	     boolean	 TRUE
db_writer_processes		     integer	 1
dbwr_io_slaves			     integer	 0
ddl_lock_timeout		     integer	 0
default_sharing 		     string	 metadata
deferred_segment_creation	     boolean	 TRUE
dg_broker_config_file1		     string	 /u01/app/oracle/product/19.0.0

NAME				     TYPE	 VALUE
------------------------------------ ----------- ------------------------------
						 /dbhome_1/dbs/dr1prod.dat
dg_broker_config_file2		     string	 /u01/app/oracle/product/19.0.0
						 /dbhome_1/dbs/dr2prod.dat
dg_broker_start 		     boolean	 FALSE
diagnostic_dest 		     string	 /u01/app/oracle
disable_pdb_feature		     big integer 0
disk_asynch_io			     boolean	 TRUE
dispatchers			     string	 (PROTOCOL=TCP) (SERVICE=prodXD
						 B)
distributed_lock_timeout	     integer	 60
dml_locks			     integer	 2076

NAME				     TYPE	 VALUE
------------------------------------ ----------- ------------------------------
dnfs_batch_size 		     integer	 4096
dst_upgrade_insert_conv 	     boolean	 TRUE
enable_automatic_maintenance_pdb     boolean	 TRUE
enable_ddl_logging		     boolean	 FALSE
enable_dnfs_dispatcher		     boolean	 FALSE
enable_goldengate_replication	     boolean	 FALSE
enable_imc_with_mira		     boolean	 FALSE
enable_pluggable_database	     boolean	 FALSE
enabled_PDBs_on_standby 	     string	 *
encrypt_new_tablespaces 	     string	 CLOUD_ONLY
event				     string

NAME				     TYPE	 VALUE
------------------------------------ ----------- ------------------------------
external_keystore_credential_locatio string
n
fal_client			     string
fal_server			     string
fast_start_io_target		     integer	 0
fast_start_mttr_target		     integer	 0
fast_start_parallel_rollback	     string	 LOW
file_mapping			     boolean	 FALSE
fileio_network_adapters 	     string
filesystemio_options		     string	 none
fixed_date			     string

NAME				     TYPE	 VALUE
------------------------------------ ----------- ------------------------------
forward_listener		     string
gcs_server_processes		     integer	 0
global_names			     boolean	 FALSE
global_txn_processes		     integer	 1
hash_area_size			     integer	 131072
heat_map			     string	 OFF
hi_shared_memory_address	     integer	 0
hs_autoregister 		     boolean	 TRUE
http_proxy			     string
ifile				     file
inmemory_adg_enabled		     boolean	 TRUE

NAME				     TYPE	 VALUE
------------------------------------ ----------- ------------------------------
inmemory_automatic_level	     string	 OFF
inmemory_clause_default 	     string
inmemory_expressions_usage	     string	 ENABLE
inmemory_force			     string	 DEFAULT
inmemory_max_populate_servers	     integer	 0
inmemory_optimized_arithmetic	     string	 DISABLE
inmemory_prefer_xmem_memcompress     string
inmemory_prefer_xmem_priority	     string
inmemory_query			     string	 ENABLE
inmemory_size			     big integer 0
inmemory_trickle_repopulate_servers_ integer	 1

NAME				     TYPE	 VALUE
------------------------------------ ----------- ------------------------------
percent
inmemory_virtual_columns	     string	 MANUAL
inmemory_xmem_size		     big integer 0
instance_abort_delay_time	     integer	 0
instance_groups 		     string
instance_mode			     string	 READ-WRITE
instance_name			     string	 prod
instance_number 		     integer	 0
instance_type			     string	 RDBMS
instant_restore 		     boolean	 FALSE
java_jit_enabled		     boolean	 TRUE

NAME				     TYPE	 VALUE
------------------------------------ ----------- ------------------------------
java_max_sessionspace_size	     integer	 0
java_pool_size			     big integer 0
java_restrict			     string	 none
java_soft_sessionspace_limit	     integer	 0
job_queue_processes		     integer	 20
large_pool_size 		     big integer 0
ldap_directory_access		     string	 NONE
ldap_directory_sysauth		     string	 no
license_max_sessions		     integer	 0
license_max_users		     integer	 0
license_sessions_warning	     integer	 0

NAME				     TYPE	 VALUE
------------------------------------ ----------- ------------------------------
listener_networks		     string
lob_signature_enable		     boolean	 FALSE
local_listener			     string
lock_name_space 		     string
lock_sga			     boolean	 FALSE
log_archive_config		     string
log_archive_dest		     string
log_archive_dest_1		     string
log_archive_dest_10		     string
log_archive_dest_11		     string
log_archive_dest_12		     string

NAME				     TYPE	 VALUE
------------------------------------ ----------- ------------------------------
log_archive_dest_13		     string
log_archive_dest_14		     string
log_archive_dest_15		     string
log_archive_dest_16		     string
log_archive_dest_17		     string
log_archive_dest_18		     string
log_archive_dest_19		     string
log_archive_dest_2		     string
log_archive_dest_20		     string
log_archive_dest_21		     string
log_archive_dest_22		     string

NAME				     TYPE	 VALUE
------------------------------------ ----------- ------------------------------
log_archive_dest_23		     string
log_archive_dest_24		     string
log_archive_dest_25		     string
log_archive_dest_26		     string
log_archive_dest_27		     string
log_archive_dest_28		     string
log_archive_dest_29		     string
log_archive_dest_3		     string
log_archive_dest_30		     string
log_archive_dest_31		     string
log_archive_dest_4		     string

NAME				     TYPE	 VALUE
------------------------------------ ----------- ------------------------------
log_archive_dest_5		     string
log_archive_dest_6		     string
log_archive_dest_7		     string
log_archive_dest_8		     string
log_archive_dest_9		     string
log_archive_dest_state_1	     string	 enable
log_archive_dest_state_10	     string	 enable
log_archive_dest_state_11	     string	 enable
log_archive_dest_state_12	     string	 enable
log_archive_dest_state_13	     string	 enable
log_archive_dest_state_14	     string	 enable

NAME				     TYPE	 VALUE
------------------------------------ ----------- ------------------------------
log_archive_dest_state_15	     string	 enable
log_archive_dest_state_16	     string	 enable
log_archive_dest_state_17	     string	 enable
log_archive_dest_state_18	     string	 enable
log_archive_dest_state_19	     string	 enable
log_archive_dest_state_2	     string	 enable
log_archive_dest_state_20	     string	 enable
log_archive_dest_state_21	     string	 enable
log_archive_dest_state_22	     string	 enable
log_archive_dest_state_23	     string	 enable
log_archive_dest_state_24	     string	 enable

NAME				     TYPE	 VALUE
------------------------------------ ----------- ------------------------------
log_archive_dest_state_25	     string	 enable
log_archive_dest_state_26	     string	 enable
log_archive_dest_state_27	     string	 enable
log_archive_dest_state_28	     string	 enable
log_archive_dest_state_29	     string	 enable
log_archive_dest_state_3	     string	 enable
log_archive_dest_state_30	     string	 enable
log_archive_dest_state_31	     string	 enable
log_archive_dest_state_4	     string	 enable
log_archive_dest_state_5	     string	 enable
log_archive_dest_state_6	     string	 enable

NAME				     TYPE	 VALUE
------------------------------------ ----------- ------------------------------
log_archive_dest_state_7	     string	 enable
log_archive_dest_state_8	     string	 enable
log_archive_dest_state_9	     string	 enable
log_archive_duplex_dest 	     string
log_archive_format		     string	 %t_%s_%r.dbf
log_archive_max_processes	     integer	 4
log_archive_min_succeed_dest	     integer	 1
log_archive_start		     boolean	 FALSE
log_archive_trace		     integer	 0
log_buffer			     big integer 7360K
log_checkpoint_interval 	     integer	 0

NAME				     TYPE	 VALUE
------------------------------------ ----------- ------------------------------
log_checkpoint_timeout		     integer	 1800
log_checkpoints_to_alert	     boolean	 FALSE
log_file_name_convert		     string
long_module_action		     boolean	 TRUE
max_datapump_jobs_per_pdb	     string	 100
max_datapump_parallel_per_job	     string	 50
max_dispatchers 		     integer
max_dump_file_size		     string	 unlimited
max_idle_blocker_time		     integer	 0
max_idle_time			     integer	 0
max_iops			     integer	 0

NAME				     TYPE	 VALUE
------------------------------------ ----------- ------------------------------
max_mbps			     integer	 0
max_pdbs			     integer	 254
max_shared_servers		     integer
max_string_size 		     string	 STANDARD
memoptimize_pool_size		     big integer 0
memory_max_target		     big integer 1424M
memory_target			     big integer 1424M
multishard_query_data_consistency    string	 strong
multishard_query_partial_results     string	 not allowed
nls_calendar			     string
nls_comp			     string	 BINARY

NAME				     TYPE	 VALUE
------------------------------------ ----------- ------------------------------
nls_currency			     string
nls_date_format 		     string
nls_date_language		     string
nls_dual_currency		     string
nls_iso_currency		     string
nls_language			     string	 AMERICAN
nls_length_semantics		     string	 BYTE
nls_nchar_conv_excp		     string	 FALSE
nls_numeric_characters		     string
nls_sort			     string
nls_territory			     string	 AMERICA

NAME				     TYPE	 VALUE
------------------------------------ ----------- ------------------------------
nls_time_format 		     string
nls_time_tz_format		     string
nls_timestamp_format		     string
nls_timestamp_tz_format 	     string
noncdb_compatible		     boolean	 FALSE
object_cache_max_size_percent	     integer	 10
object_cache_optimal_size	     integer	 10240000
ofs_threads			     integer	 4
olap_page_pool_size		     big integer 0
one_step_plugin_for_pdb_with_tde     boolean	 FALSE
open_cursors			     integer	 300

NAME				     TYPE	 VALUE
------------------------------------ ----------- ------------------------------
open_links			     integer	 4
open_links_per_instance 	     integer	 4
optimizer_adaptive_plans	     boolean	 TRUE
optimizer_adaptive_reporting_only    boolean	 FALSE
optimizer_adaptive_statistics	     boolean	 FALSE
optimizer_capture_sql_plan_baselines boolean	 FALSE
optimizer_dynamic_sampling	     integer	 2
optimizer_features_enable	     string	 19.1.0
optimizer_ignore_hints		     boolean	 FALSE
optimizer_ignore_parallel_hints      boolean	 FALSE
optimizer_index_caching 	     integer	 0

NAME				     TYPE	 VALUE
------------------------------------ ----------- ------------------------------
optimizer_index_cost_adj	     integer	 100
optimizer_inmemory_aware	     boolean	 TRUE
optimizer_mode			     string	 ALL_ROWS
optimizer_secure_view_merging	     boolean	 TRUE
optimizer_use_invisible_indexes      boolean	 FALSE
optimizer_use_pending_statistics     boolean	 FALSE
optimizer_use_sql_plan_baselines     boolean	 TRUE
os_authent_prefix		     string	 ops$
os_roles			     boolean	 FALSE
outbound_dblink_protocols	     string	 ALL
parallel_adaptive_multi_user	     boolean	 FALSE

NAME				     TYPE	 VALUE
------------------------------------ ----------- ------------------------------
parallel_degree_limit		     string	 CPU
parallel_degree_policy		     string	 MANUAL
parallel_execution_message_size      integer	 16384
parallel_force_local		     boolean	 FALSE
parallel_instance_group 	     string
parallel_max_servers		     integer	 20
parallel_min_degree		     string	 1
parallel_min_percent		     integer	 0
parallel_min_servers		     integer	 2
parallel_min_time_threshold	     string	 AUTO
parallel_servers_target 	     integer	 8

NAME				     TYPE	 VALUE
------------------------------------ ----------- ------------------------------
parallel_threads_per_cpu	     integer	 1
pdb_file_name_convert		     string
pdb_lockdown			     string
pdb_os_credential		     string
pdb_template			     string
permit_92_wrap_format		     boolean	 TRUE
pga_aggregate_limit		     big integer 2G
pga_aggregate_target		     big integer 0
plscope_settings		     string	 IDENTIFIERS:NONE
plsql_ccflags			     string
plsql_code_type 		     string	 INTERPRETED

NAME				     TYPE	 VALUE
------------------------------------ ----------- ------------------------------
plsql_debug			     boolean	 FALSE
plsql_optimize_level		     integer	 2
plsql_v2_compatibility		     boolean	 FALSE
plsql_warnings			     string	 DISABLE:ALL
pre_page_sga			     boolean	 TRUE
private_temp_table_prefix	     string	 ORA$PTT_
processes			     integer	 300
processor_group_name		     string
query_rewrite_enabled		     string	 TRUE
query_rewrite_integrity 	     string	 enforced
rdbms_server_dn 		     string

NAME				     TYPE	 VALUE
------------------------------------ ----------- ------------------------------
read_only_open_delayed		     boolean	 FALSE
recovery_parallelism		     integer	 0
recyclebin			     string	 on
redo_transport_user		     string
remote_dependencies_mode	     string	 TIMESTAMP
remote_listener 		     string
remote_login_passwordfile	     string	 EXCLUSIVE
remote_os_authent		     boolean	 FALSE
remote_os_roles 		     boolean	 FALSE
remote_recovery_file_dest	     string
replication_dependency_tracking      boolean	 TRUE

NAME				     TYPE	 VALUE
------------------------------------ ----------- ------------------------------
resource_limit			     boolean	 TRUE
resource_manage_goldengate	     boolean	 FALSE
resource_manager_cpu_allocation      integer	 1
resource_manager_plan		     string
result_cache_max_result 	     integer	 5
result_cache_max_size		     big integer 3648K
result_cache_mode		     string	 MANUAL
result_cache_remote_expiration	     integer	 0
resumable_timeout		     integer	 0
rollback_segments		     string
scheduler_follow_pdbtz		     boolean	 FALSE

NAME				     TYPE	 VALUE
------------------------------------ ----------- ------------------------------
sec_case_sensitive_logon	     boolean	 TRUE
sec_max_failed_login_attempts	     integer	 3
sec_protocol_error_further_action    string	 (DROP,3)
sec_protocol_error_trace_action      string	 TRACE
sec_return_server_release_banner     boolean	 FALSE
serial_reuse			     string	 disable
service_names			     string	 prod
session_cached_cursors		     integer	 50
session_max_open_files		     integer	 10
sessions			     integer	 472
sga_max_size			     big integer 1424M

NAME				     TYPE	 VALUE
------------------------------------ ----------- ------------------------------
sga_min_size			     big integer 0
sga_target			     big integer 0
shadow_core_dump		     string	 partial
shared_memory_address		     integer	 0
shared_pool_reserved_size	     big integer 12M
shared_pool_size		     big integer 0
shared_server_sessions		     integer
shared_servers			     integer	 1
shrd_dupl_table_refresh_rate	     integer	 60
skip_unusable_indexes		     boolean	 TRUE
smtp_out_server 		     string

NAME				     TYPE	 VALUE
------------------------------------ ----------- ------------------------------
sort_area_retained_size 	     integer	 0
sort_area_size			     integer	 65536
spatial_vector_acceleration	     boolean	 FALSE
spfile				     string	 /u01/app/oracle/product/19.0.0
						 /dbhome_1/dbs/spfileprod.ora
sql92_security			     boolean	 TRUE
sql_trace			     boolean	 FALSE
sqltune_category		     string	 DEFAULT
ssl_wallet			     string
standby_db_preserve_states	     string	 NONE
standby_file_management 	     string	 MANUAL

NAME				     TYPE	 VALUE
------------------------------------ ----------- ------------------------------
standby_pdb_source_file_dblink	     string
standby_pdb_source_file_directory    string
star_transformation_enabled	     string	 FALSE
statistics_level		     string	 TYPICAL
streams_pool_size		     big integer 0
tape_asynch_io			     boolean	 TRUE
target_pdbs			     integer	 0
tde_configuration		     string
temp_undo_enabled		     boolean	 FALSE
thread				     integer	 0
threaded_execution		     boolean	 FALSE

NAME				     TYPE	 VALUE
------------------------------------ ----------- ------------------------------
timed_os_statistics		     integer	 0
timed_statistics		     boolean	 TRUE
trace_enabled			     boolean	 TRUE
tracefile_identifier		     string
transactions			     integer	 519
transactions_per_rollback_segment    integer	 5
undo_management 		     string	 AUTO
undo_retention			     integer	 900
undo_tablespace 		     string	 UNDOTBS1
unified_audit_common_systemlog	     string
unified_audit_sga_queue_size	     integer	 1048576

NAME				     TYPE	 VALUE
------------------------------------ ----------- ------------------------------
unified_audit_systemlog 	     string
uniform_log_timestamp_format	     boolean	 TRUE
use_dedicated_broker		     boolean	 FALSE
use_large_pages 		     string	 FALSE
user_dump_dest			     string	 /u01/app/oracle/product/19.0.0
						 /dbhome_1/rdbms/log
wallet_root			     string
workarea_size_policy		     string	 AUTO
xml_db_events			     string	 enable
SQL> select name, value from v$parameter;

NAME
--------------------------------------------------------------------------------
VALUE
--------------------------------------------------------------------------------
lock_name_space


processes
300

sessions
472


NAME
--------------------------------------------------------------------------------
VALUE
--------------------------------------------------------------------------------
timed_statistics
TRUE

timed_os_statistics
0

resource_limit
TRUE


NAME
--------------------------------------------------------------------------------
VALUE
--------------------------------------------------------------------------------
license_max_sessions
0

license_sessions_warning
0

long_module_action
TRUE


NAME
--------------------------------------------------------------------------------
VALUE
--------------------------------------------------------------------------------
standby_db_preserve_states
NONE

instance_abort_delay_time
0

cpu_count
1


NAME
--------------------------------------------------------------------------------
VALUE
--------------------------------------------------------------------------------
cpu_min_count
1

instance_groups


event



NAME
--------------------------------------------------------------------------------
VALUE
--------------------------------------------------------------------------------
sga_max_size
1493172224

use_large_pages
FALSE

pre_page_sga
TRUE


NAME
--------------------------------------------------------------------------------
VALUE
--------------------------------------------------------------------------------
shared_memory_address
0

hi_shared_memory_address
0

lock_sga
FALSE


NAME
--------------------------------------------------------------------------------
VALUE
--------------------------------------------------------------------------------
processor_group_name


allow_group_access_to_sga
FALSE

sga_min_size
0


NAME
--------------------------------------------------------------------------------
VALUE
--------------------------------------------------------------------------------
shared_pool_size
0

large_pool_size
0

java_pool_size
0


NAME
--------------------------------------------------------------------------------
VALUE
--------------------------------------------------------------------------------
streams_pool_size
0

shared_pool_reserved_size
12582912

java_soft_sessionspace_limit
0


NAME
--------------------------------------------------------------------------------
VALUE
--------------------------------------------------------------------------------
java_max_sessionspace_size
0

pga_aggregate_limit
2147483648

spfile
/u01/app/oracle/product/19.0.0/dbhome_1/dbs/spfileprod.ora


NAME
--------------------------------------------------------------------------------
VALUE
--------------------------------------------------------------------------------
instance_type
RDBMS

uniform_log_timestamp_format
TRUE

nls_language
AMERICAN


NAME
--------------------------------------------------------------------------------
VALUE
--------------------------------------------------------------------------------
nls_territory
AMERICA

nls_sort


nls_date_language



NAME
--------------------------------------------------------------------------------
VALUE
--------------------------------------------------------------------------------
nls_date_format


nls_currency


nls_numeric_characters



NAME
--------------------------------------------------------------------------------
VALUE
--------------------------------------------------------------------------------
nls_iso_currency


nls_calendar


nls_time_format



NAME
--------------------------------------------------------------------------------
VALUE
--------------------------------------------------------------------------------
nls_timestamp_format


nls_time_tz_format


nls_timestamp_tz_format



NAME
--------------------------------------------------------------------------------
VALUE
--------------------------------------------------------------------------------
nls_dual_currency


nls_comp
BINARY

nls_length_semantics
BYTE


NAME
--------------------------------------------------------------------------------
VALUE
--------------------------------------------------------------------------------
nls_nchar_conv_excp
FALSE

disk_asynch_io
TRUE

tape_asynch_io
TRUE


NAME
--------------------------------------------------------------------------------
VALUE
--------------------------------------------------------------------------------
dbwr_io_slaves
0

backup_tape_io_slaves
FALSE

fileio_network_adapters



NAME
--------------------------------------------------------------------------------
VALUE
--------------------------------------------------------------------------------
filesystemio_options
none

dnfs_batch_size
4096

clonedb
FALSE


NAME
--------------------------------------------------------------------------------
VALUE
--------------------------------------------------------------------------------
instant_restore
FALSE

http_proxy


ssl_wallet



NAME
--------------------------------------------------------------------------------
VALUE
--------------------------------------------------------------------------------
ofs_threads
4

resource_manager_cpu_allocation
1

resource_manager_plan



NAME
--------------------------------------------------------------------------------
VALUE
--------------------------------------------------------------------------------
db_performance_profile


max_iops
0

max_mbps
0


NAME
--------------------------------------------------------------------------------
VALUE
--------------------------------------------------------------------------------
max_idle_time
0

max_idle_blocker_time
0

cluster_interconnects



NAME
--------------------------------------------------------------------------------
VALUE
--------------------------------------------------------------------------------
file_mapping
FALSE

max_datapump_jobs_per_pdb
100

max_datapump_parallel_per_job
50


NAME
--------------------------------------------------------------------------------
VALUE
--------------------------------------------------------------------------------
service_names
prod

threaded_execution
FALSE

clonedb_dir



NAME
--------------------------------------------------------------------------------
VALUE
--------------------------------------------------------------------------------
enable_dnfs_dispatcher
FALSE

gcs_server_processes
0

active_instance_count



NAME
--------------------------------------------------------------------------------
VALUE
--------------------------------------------------------------------------------
instance_mode
READ-WRITE

sga_target
0

memory_target
1493172224


NAME
--------------------------------------------------------------------------------
VALUE
--------------------------------------------------------------------------------
memory_max_target
1493172224

control_files
/u01/app/oracle/oradata/PROD/control01.ctl, /u01/app/oracle/fast_recovery_area/P
ROD/control02.ctl

db_file_name_convert


NAME
--------------------------------------------------------------------------------
VALUE
--------------------------------------------------------------------------------

log_file_name_convert


control_file_record_keep_time
7

db_block_buffers
0

NAME
--------------------------------------------------------------------------------
VALUE
--------------------------------------------------------------------------------

db_block_checksum
TYPICAL

db_ultra_safe
OFF

db_block_size
8192

NAME
--------------------------------------------------------------------------------
VALUE
--------------------------------------------------------------------------------

db_cache_size
0

db_2k_cache_size
0

db_4k_cache_size
0

NAME
--------------------------------------------------------------------------------
VALUE
--------------------------------------------------------------------------------

db_8k_cache_size
0

db_16k_cache_size
0

db_32k_cache_size
0

NAME
--------------------------------------------------------------------------------
VALUE
--------------------------------------------------------------------------------

db_keep_cache_size
0

db_recycle_cache_size
0

memoptimize_pool_size
0

NAME
--------------------------------------------------------------------------------
VALUE
--------------------------------------------------------------------------------

db_big_table_cache_percent_target
0

encrypt_new_tablespaces
CLOUD_ONLY

db_writer_processes
1

NAME
--------------------------------------------------------------------------------
VALUE
--------------------------------------------------------------------------------

buffer_pool_keep


buffer_pool_recycle


db_flash_cache_file


NAME
--------------------------------------------------------------------------------
VALUE
--------------------------------------------------------------------------------

db_flash_cache_size
0

db_cache_advice
ON

compatible
19.0.0

NAME
--------------------------------------------------------------------------------
VALUE
--------------------------------------------------------------------------------

log_archive_dest_1


log_archive_dest_2


log_archive_dest_3


NAME
--------------------------------------------------------------------------------
VALUE
--------------------------------------------------------------------------------

log_archive_dest_4


log_archive_dest_5


log_archive_dest_6


NAME
--------------------------------------------------------------------------------
VALUE
--------------------------------------------------------------------------------

log_archive_dest_7


log_archive_dest_8


log_archive_dest_9


NAME
--------------------------------------------------------------------------------
VALUE
--------------------------------------------------------------------------------

log_archive_dest_10


log_archive_dest_11


log_archive_dest_12


NAME
--------------------------------------------------------------------------------
VALUE
--------------------------------------------------------------------------------

log_archive_dest_13


log_archive_dest_14


log_archive_dest_15


NAME
--------------------------------------------------------------------------------
VALUE
--------------------------------------------------------------------------------

log_archive_dest_16


log_archive_dest_17


log_archive_dest_18


NAME
--------------------------------------------------------------------------------
VALUE
--------------------------------------------------------------------------------

log_archive_dest_19


log_archive_dest_20


log_archive_dest_21


NAME
--------------------------------------------------------------------------------
VALUE
--------------------------------------------------------------------------------

log_archive_dest_22


log_archive_dest_23


log_archive_dest_24


NAME
--------------------------------------------------------------------------------
VALUE
--------------------------------------------------------------------------------

log_archive_dest_25


log_archive_dest_26


log_archive_dest_27


NAME
--------------------------------------------------------------------------------
VALUE
--------------------------------------------------------------------------------

log_archive_dest_28


log_archive_dest_29


log_archive_dest_30


NAME
--------------------------------------------------------------------------------
VALUE
--------------------------------------------------------------------------------

log_archive_dest_31


log_archive_dest_state_1
enable

log_archive_dest_state_2
enable

NAME
--------------------------------------------------------------------------------
VALUE
--------------------------------------------------------------------------------

log_archive_dest_state_3
enable

log_archive_dest_state_4
enable

log_archive_dest_state_5
enable

NAME
--------------------------------------------------------------------------------
VALUE
--------------------------------------------------------------------------------

log_archive_dest_state_6
enable

log_archive_dest_state_7
enable

log_archive_dest_state_8
enable

NAME
--------------------------------------------------------------------------------
VALUE
--------------------------------------------------------------------------------

log_archive_dest_state_9
enable

log_archive_dest_state_10
enable

log_archive_dest_state_11
enable

NAME
--------------------------------------------------------------------------------
VALUE
--------------------------------------------------------------------------------

log_archive_dest_state_12
enable

log_archive_dest_state_13
enable

log_archive_dest_state_14
enable

NAME
--------------------------------------------------------------------------------
VALUE
--------------------------------------------------------------------------------

log_archive_dest_state_15
enable

log_archive_dest_state_16
enable

log_archive_dest_state_17
enable

NAME
--------------------------------------------------------------------------------
VALUE
--------------------------------------------------------------------------------

log_archive_dest_state_18
enable

log_archive_dest_state_19
enable

log_archive_dest_state_20
enable

NAME
--------------------------------------------------------------------------------
VALUE
--------------------------------------------------------------------------------

log_archive_dest_state_21
enable

log_archive_dest_state_22
enable

log_archive_dest_state_23
enable

NAME
--------------------------------------------------------------------------------
VALUE
--------------------------------------------------------------------------------

log_archive_dest_state_24
enable

log_archive_dest_state_25
enable

log_archive_dest_state_26
enable

NAME
--------------------------------------------------------------------------------
VALUE
--------------------------------------------------------------------------------

log_archive_dest_state_27
enable

log_archive_dest_state_28
enable

log_archive_dest_state_29
enable

NAME
--------------------------------------------------------------------------------
VALUE
--------------------------------------------------------------------------------

log_archive_dest_state_30
enable

log_archive_dest_state_31
enable

log_archive_start
FALSE

NAME
--------------------------------------------------------------------------------
VALUE
--------------------------------------------------------------------------------

log_archive_dest


log_archive_duplex_dest


log_archive_min_succeed_dest
1

NAME
--------------------------------------------------------------------------------
VALUE
--------------------------------------------------------------------------------

fal_client


fal_server


log_archive_trace
0

NAME
--------------------------------------------------------------------------------
VALUE
--------------------------------------------------------------------------------

data_guard_sync_latency
0

log_archive_config


log_archive_format
%t_%s_%r.dbf

NAME
--------------------------------------------------------------------------------
VALUE
--------------------------------------------------------------------------------

data_guard_max_io_time
240

data_guard_max_longio_time
240

redo_transport_user


NAME
--------------------------------------------------------------------------------
VALUE
--------------------------------------------------------------------------------

log_archive_max_processes
4

log_buffer
7536640

log_checkpoint_interval
0

NAME
--------------------------------------------------------------------------------
VALUE
--------------------------------------------------------------------------------

log_checkpoint_timeout
1800

archive_lag_target
0

db_files
200

NAME
--------------------------------------------------------------------------------
VALUE
--------------------------------------------------------------------------------

db_file_multiblock_read_count
128

read_only_open_delayed
FALSE

cluster_database
FALSE

NAME
--------------------------------------------------------------------------------
VALUE
--------------------------------------------------------------------------------

cluster_database_instances
1

db_create_file_dest


db_create_online_log_dest_1


NAME
--------------------------------------------------------------------------------
VALUE
--------------------------------------------------------------------------------

db_create_online_log_dest_2


db_create_online_log_dest_3


db_create_online_log_dest_4


NAME
--------------------------------------------------------------------------------
VALUE
--------------------------------------------------------------------------------

db_create_online_log_dest_5


db_recovery_file_dest
/u01/app/oracle/fast_recovery_area

db_recovery_file_dest_size
8657043456

NAME
--------------------------------------------------------------------------------
VALUE
--------------------------------------------------------------------------------

standby_file_management
MANUAL

db_unrecoverable_scn_tracking
TRUE

thread
0

NAME
--------------------------------------------------------------------------------
VALUE
--------------------------------------------------------------------------------

enabled_PDBs_on_standby
*

fast_start_io_target
0

fast_start_mttr_target
0

NAME
--------------------------------------------------------------------------------
VALUE
--------------------------------------------------------------------------------

log_checkpoints_to_alert
FALSE

db_lost_write_protect
NONE

recovery_parallelism
0

NAME
--------------------------------------------------------------------------------
VALUE
--------------------------------------------------------------------------------

enable_goldengate_replication
FALSE

inmemory_adg_enabled
TRUE

db_flashback_retention_target
1440

NAME
--------------------------------------------------------------------------------
VALUE
--------------------------------------------------------------------------------

data_transfer_cache_size
0

enable_imc_with_mira
FALSE

adg_account_info_tracking
LOCAL

NAME
--------------------------------------------------------------------------------
VALUE
--------------------------------------------------------------------------------

adg_redirect_dml
FALSE

dml_locks
2076

replication_dependency_tracking
TRUE

NAME
--------------------------------------------------------------------------------
VALUE
--------------------------------------------------------------------------------

transactions
519

transactions_per_rollback_segment
5

temp_undo_enabled
FALSE

NAME
--------------------------------------------------------------------------------
VALUE
--------------------------------------------------------------------------------

rollback_segments


undo_management
AUTO

undo_tablespace
UNDOTBS1

NAME
--------------------------------------------------------------------------------
VALUE
--------------------------------------------------------------------------------

undo_retention
900

fast_start_parallel_rollback
LOW

resumable_timeout
0

NAME
--------------------------------------------------------------------------------
VALUE
--------------------------------------------------------------------------------

instance_number
0

heat_map
OFF

inmemory_size
0

NAME
--------------------------------------------------------------------------------
VALUE
--------------------------------------------------------------------------------

inmemory_xmem_size
0

inmemory_prefer_xmem_memcompress


inmemory_prefer_xmem_priority


NAME
--------------------------------------------------------------------------------
VALUE
--------------------------------------------------------------------------------

allow_rowid_column_type
FALSE

db_block_checking
FALSE

recyclebin
on

NAME
--------------------------------------------------------------------------------
VALUE
--------------------------------------------------------------------------------

db_index_compression_inheritance
NONE

db_securefile
PREFERRED

inmemory_clause_default


NAME
--------------------------------------------------------------------------------
VALUE
--------------------------------------------------------------------------------

inmemory_force
DEFAULT

inmemory_query
ENABLE

inmemory_expressions_usage
ENABLE

NAME
--------------------------------------------------------------------------------
VALUE
--------------------------------------------------------------------------------

inmemory_virtual_columns
MANUAL

inmemory_max_populate_servers
0

inmemory_trickle_repopulate_servers_percent
1

NAME
--------------------------------------------------------------------------------
VALUE
--------------------------------------------------------------------------------

inmemory_optimized_arithmetic
DISABLE

inmemory_automatic_level
OFF

create_stored_outlines


NAME
--------------------------------------------------------------------------------
VALUE
--------------------------------------------------------------------------------

serial_reuse
disable

ldap_directory_access
NONE

ldap_directory_sysauth
no

NAME
--------------------------------------------------------------------------------
VALUE
--------------------------------------------------------------------------------

os_roles
FALSE

rdbms_server_dn


remote_os_authent
FALSE

NAME
--------------------------------------------------------------------------------
VALUE
--------------------------------------------------------------------------------

remote_os_roles
FALSE

sec_case_sensitive_logon
TRUE

remote_login_passwordfile
EXCLUSIVE

NAME
--------------------------------------------------------------------------------
VALUE
--------------------------------------------------------------------------------

license_max_users
0

audit_sys_operations
TRUE

DBFIPS_140
FALSE

NAME
--------------------------------------------------------------------------------
VALUE
--------------------------------------------------------------------------------

one_step_plugin_for_pdb_with_tde
FALSE

external_keystore_credential_location


unified_audit_sga_queue_size
1048576

NAME
--------------------------------------------------------------------------------
VALUE
--------------------------------------------------------------------------------

wallet_root


tde_configuration


db_domain


NAME
--------------------------------------------------------------------------------
VALUE
--------------------------------------------------------------------------------

global_names
FALSE

distributed_lock_timeout
60

commit_point_strength
1

NAME
--------------------------------------------------------------------------------
VALUE
--------------------------------------------------------------------------------

global_txn_processes
1

instance_name
prod

dispatchers
(PROTOCOL=TCP) (SERVICE=prodXDB)

NAME
--------------------------------------------------------------------------------
VALUE
--------------------------------------------------------------------------------

shared_servers
1

max_shared_servers


max_dispatchers


NAME
--------------------------------------------------------------------------------
VALUE
--------------------------------------------------------------------------------

circuits


shared_server_sessions


use_dedicated_broker
FALSE

NAME
--------------------------------------------------------------------------------
VALUE
--------------------------------------------------------------------------------

connection_brokers
((TYPE=DEDICATED)(BROKERS=1)), ((TYPE=EMON)(BROKERS=1))

local_listener


forward_listener


NAME
--------------------------------------------------------------------------------
VALUE
--------------------------------------------------------------------------------

remote_listener


listener_networks


cursor_space_for_time
FALSE

NAME
--------------------------------------------------------------------------------
VALUE
--------------------------------------------------------------------------------

session_cached_cursors
50

remote_dependencies_mode
TIMESTAMP

smtp_out_server


NAME
--------------------------------------------------------------------------------
VALUE
--------------------------------------------------------------------------------

plsql_v2_compatibility
FALSE

plsql_warnings
DISABLE:ALL

plsql_code_type
INTERPRETED

NAME
--------------------------------------------------------------------------------
VALUE
--------------------------------------------------------------------------------

plsql_debug
FALSE

plsql_optimize_level
2

plsql_ccflags


NAME
--------------------------------------------------------------------------------
VALUE
--------------------------------------------------------------------------------

plscope_settings
IDENTIFIERS:NONE

permit_92_wrap_format
TRUE

java_jit_enabled
TRUE

NAME
--------------------------------------------------------------------------------
VALUE
--------------------------------------------------------------------------------

java_restrict
none

job_queue_processes
20

scheduler_follow_pdbtz
FALSE

NAME
--------------------------------------------------------------------------------
VALUE
--------------------------------------------------------------------------------

parallel_min_percent
0

create_bitmap_area_size
8388608

bitmap_merge_area_size
1048576

NAME
--------------------------------------------------------------------------------
VALUE
--------------------------------------------------------------------------------

cursor_sharing
EXACT

result_cache_mode
MANUAL

parallel_min_servers
2

NAME
--------------------------------------------------------------------------------
VALUE
--------------------------------------------------------------------------------

parallel_max_servers
20

parallel_instance_group


parallel_execution_message_size
16384

NAME
--------------------------------------------------------------------------------
VALUE
--------------------------------------------------------------------------------

hash_area_size
131072

private_temp_table_prefix
ORA$PTT_

result_cache_max_size
3735552

NAME
--------------------------------------------------------------------------------
VALUE
--------------------------------------------------------------------------------

result_cache_max_result
5

result_cache_remote_expiration
0

shadow_core_dump
partial

NAME
--------------------------------------------------------------------------------
VALUE
--------------------------------------------------------------------------------

background_core_dump
partial

background_dump_dest
/u01/app/oracle/product/19.0.0/dbhome_1/rdbms/log

user_dump_dest
/u01/app/oracle/product/19.0.0/dbhome_1/rdbms/log

NAME
--------------------------------------------------------------------------------
VALUE
--------------------------------------------------------------------------------

core_dump_dest
/u01/app/oracle/diag/rdbms/prod/prod/cdump

audit_file_dest
/u01/app/oracle/admin/prod/adump

audit_syslog_level


NAME
--------------------------------------------------------------------------------
VALUE
--------------------------------------------------------------------------------

unified_audit_systemlog


unified_audit_common_systemlog


resource_manage_goldengate
FALSE

NAME
--------------------------------------------------------------------------------
VALUE
--------------------------------------------------------------------------------

object_cache_optimal_size
10240000

object_cache_max_size_percent
10

lob_signature_enable
FALSE

NAME
--------------------------------------------------------------------------------
VALUE
--------------------------------------------------------------------------------

session_max_open_files
10

open_links
4

open_links_per_instance
4

NAME
--------------------------------------------------------------------------------
VALUE
--------------------------------------------------------------------------------

commit_write


commit_wait


commit_logging


NAME
--------------------------------------------------------------------------------
VALUE
--------------------------------------------------------------------------------

optimizer_features_enable
19.1.0

fixed_date


audit_trail
DB

NAME
--------------------------------------------------------------------------------
VALUE
--------------------------------------------------------------------------------

sort_area_size
65536

sort_area_retained_size
0

cell_offload_processing
TRUE

NAME
--------------------------------------------------------------------------------
VALUE
--------------------------------------------------------------------------------

cell_offload_decryption
TRUE

cell_offload_parameters


cell_offload_compaction
ADAPTIVE

NAME
--------------------------------------------------------------------------------
VALUE
--------------------------------------------------------------------------------

cell_offload_plan_display
AUTO

db_name
prod

db_unique_name
prod

NAME
--------------------------------------------------------------------------------
VALUE
--------------------------------------------------------------------------------

open_cursors
300

ifile


sql_trace
FALSE

NAME
--------------------------------------------------------------------------------
VALUE
--------------------------------------------------------------------------------

os_authent_prefix
ops$

optimizer_mode
ALL_ROWS

sql92_security
TRUE

NAME
--------------------------------------------------------------------------------
VALUE
--------------------------------------------------------------------------------

blank_trimming
FALSE

star_transformation_enabled
FALSE

parallel_degree_policy
MANUAL

NAME
--------------------------------------------------------------------------------
VALUE
--------------------------------------------------------------------------------

parallel_adaptive_multi_user
FALSE

parallel_threads_per_cpu
1

optimizer_index_cost_adj
100

NAME
--------------------------------------------------------------------------------
VALUE
--------------------------------------------------------------------------------

optimizer_index_caching
0

query_rewrite_enabled
TRUE

query_rewrite_integrity
enforced

NAME
--------------------------------------------------------------------------------
VALUE
--------------------------------------------------------------------------------

pga_aggregate_target
0

workarea_size_policy
AUTO

optimizer_dynamic_sampling
2

NAME
--------------------------------------------------------------------------------
VALUE
--------------------------------------------------------------------------------

statistics_level
TYPICAL

cursor_bind_capture_destination
memory+disk

skip_unusable_indexes
TRUE

NAME
--------------------------------------------------------------------------------
VALUE
--------------------------------------------------------------------------------

optimizer_ignore_hints
FALSE

optimizer_secure_view_merging
TRUE

ddl_lock_timeout
0

NAME
--------------------------------------------------------------------------------
VALUE
--------------------------------------------------------------------------------

deferred_segment_creation
TRUE

optimizer_use_pending_statistics
FALSE

optimizer_capture_sql_plan_baselines
FALSE

NAME
--------------------------------------------------------------------------------
VALUE
--------------------------------------------------------------------------------

optimizer_use_sql_plan_baselines
TRUE

parallel_min_time_threshold
AUTO

parallel_degree_limit
CPU

NAME
--------------------------------------------------------------------------------
VALUE
--------------------------------------------------------------------------------

parallel_force_local
FALSE

optimizer_use_invisible_indexes
FALSE

dst_upgrade_insert_conv
TRUE

NAME
--------------------------------------------------------------------------------
VALUE
--------------------------------------------------------------------------------

parallel_servers_target
8

max_string_size
STANDARD

optimizer_adaptive_reporting_only
FALSE

NAME
--------------------------------------------------------------------------------
VALUE
--------------------------------------------------------------------------------

optimizer_adaptive_plans
TRUE

optimizer_inmemory_aware
TRUE

cursor_invalidation
IMMEDIATE

NAME
--------------------------------------------------------------------------------
VALUE
--------------------------------------------------------------------------------

approx_for_aggregation
FALSE

approx_for_count_distinct
FALSE

approx_for_percentile
none

NAME
--------------------------------------------------------------------------------
VALUE
--------------------------------------------------------------------------------

optimizer_adaptive_statistics
FALSE

optimizer_ignore_parallel_hints
FALSE

parallel_min_degree
1

NAME
--------------------------------------------------------------------------------
VALUE
--------------------------------------------------------------------------------

sec_protocol_error_trace_action
TRACE

sec_protocol_error_further_action
(DROP,3)

sec_max_failed_login_attempts
3

NAME
--------------------------------------------------------------------------------
VALUE
--------------------------------------------------------------------------------

sec_return_server_release_banner
FALSE

enable_ddl_logging
FALSE

client_result_cache_size
0

NAME
--------------------------------------------------------------------------------
VALUE
--------------------------------------------------------------------------------

client_result_cache_lag
3000

outbound_dblink_protocols
ALL

allow_global_dblinks
FALSE

NAME
--------------------------------------------------------------------------------
VALUE
--------------------------------------------------------------------------------

client_statistics_level
TYPICAL

aq_tm_processes
1

hs_autoregister
TRUE

NAME
--------------------------------------------------------------------------------
VALUE
--------------------------------------------------------------------------------

xml_db_events
enable

dg_broker_start
FALSE

dg_broker_config_file1
/u01/app/oracle/product/19.0.0/dbhome_1/dbs/dr1prod.dat

NAME
--------------------------------------------------------------------------------
VALUE
--------------------------------------------------------------------------------

dg_broker_config_file2
/u01/app/oracle/product/19.0.0/dbhome_1/dbs/dr2prod.dat

olap_page_pool_size
0

asm_diskstring


NAME
--------------------------------------------------------------------------------
VALUE
--------------------------------------------------------------------------------

asm_preferred_read_failure_groups


control_management_pack_access
DIAGNOSTIC+TUNING

awr_pdb_autoflush_enabled
FALSE

NAME
--------------------------------------------------------------------------------
VALUE
--------------------------------------------------------------------------------

awr_pdb_max_parallel_slaves
10

awr_snapshot_time_offset
0

sqltune_category
DEFAULT

NAME
--------------------------------------------------------------------------------
VALUE
--------------------------------------------------------------------------------

autotask_max_active_pdbs
2

enable_automatic_maintenance_pdb
TRUE

spatial_vector_acceleration
FALSE

NAME
--------------------------------------------------------------------------------
VALUE
--------------------------------------------------------------------------------

diagnostic_dest
/u01/app/oracle

tracefile_identifier


max_dump_file_size
unlimited

NAME
--------------------------------------------------------------------------------
VALUE
--------------------------------------------------------------------------------

trace_enabled
TRUE

cell_offloadgroup_name


enable_pluggable_database
FALSE

NAME
--------------------------------------------------------------------------------
VALUE
--------------------------------------------------------------------------------

pdb_os_credential


pdb_file_name_convert


noncdb_compatible
FALSE

NAME
--------------------------------------------------------------------------------
VALUE
--------------------------------------------------------------------------------

common_user_prefix
C##

target_pdbs
0

max_pdbs
254

NAME
--------------------------------------------------------------------------------
VALUE
--------------------------------------------------------------------------------

cdb_cluster
FALSE

cdb_cluster_name


standby_pdb_source_file_directory


NAME
--------------------------------------------------------------------------------
VALUE
--------------------------------------------------------------------------------

standby_pdb_source_file_dblink


remote_recovery_file_dest


disable_pdb_feature
0

NAME
--------------------------------------------------------------------------------
VALUE
--------------------------------------------------------------------------------

containers_parallel_degree
65535

default_sharing
metadata

pdb_lockdown


NAME
--------------------------------------------------------------------------------
VALUE
--------------------------------------------------------------------------------

pdb_template


shrd_dupl_table_refresh_rate
60

multishard_query_data_consistency
strong

NAME
--------------------------------------------------------------------------------
VALUE
--------------------------------------------------------------------------------

multishard_query_partial_results
not allowed


445 rows selected.

SQL> col name for a30
SQL> col value for a30
SQL> select name, value from v$parameter;

NAME			       VALUE
------------------------------ ------------------------------
lock_name_space
processes		       300
sessions		       472
timed_statistics	       TRUE
timed_os_statistics	       0
resource_limit		       TRUE
license_max_sessions	       0
license_sessions_warning       0
long_module_action	       TRUE
standby_db_preserve_states     NONE
instance_abort_delay_time      0

NAME			       VALUE
------------------------------ ------------------------------
cpu_count		       1
cpu_min_count		       1
instance_groups
event
sga_max_size		       1493172224
use_large_pages 	       FALSE
pre_page_sga		       TRUE
shared_memory_address	       0
hi_shared_memory_address       0
lock_sga		       FALSE
processor_group_name

NAME			       VALUE
------------------------------ ------------------------------
allow_group_access_to_sga      FALSE
sga_min_size		       0
shared_pool_size	       0
large_pool_size 	       0
java_pool_size		       0
streams_pool_size	       0
shared_pool_reserved_size      12582912
java_soft_sessionspace_limit   0
java_max_sessionspace_size     0
pga_aggregate_limit	       2147483648
spfile			       /u01/app/oracle/product/19.0.0

NAME			       VALUE
------------------------------ ------------------------------
			       /dbhome_1/dbs/spfileprod.ora

instance_type		       RDBMS
uniform_log_timestamp_format   TRUE
nls_language		       AMERICAN
nls_territory		       AMERICA
nls_sort
nls_date_language
nls_date_format
nls_currency
nls_numeric_characters

NAME			       VALUE
------------------------------ ------------------------------
nls_iso_currency
nls_calendar
nls_time_format
nls_timestamp_format
nls_time_tz_format
nls_timestamp_tz_format
nls_dual_currency
nls_comp		       BINARY
nls_length_semantics	       BYTE
nls_nchar_conv_excp	       FALSE
disk_asynch_io		       TRUE

NAME			       VALUE
------------------------------ ------------------------------
tape_asynch_io		       TRUE
dbwr_io_slaves		       0
backup_tape_io_slaves	       FALSE
fileio_network_adapters
filesystemio_options	       none
dnfs_batch_size 	       4096
clonedb 		       FALSE
instant_restore 	       FALSE
http_proxy
ssl_wallet
ofs_threads		       4

NAME			       VALUE
------------------------------ ------------------------------
resource_manager_cpu_allocatio 1
n

resource_manager_plan
db_performance_profile
max_iops		       0
max_mbps		       0
max_idle_time		       0
max_idle_blocker_time	       0
cluster_interconnects
file_mapping		       FALSE

NAME			       VALUE
------------------------------ ------------------------------
max_datapump_jobs_per_pdb      100
max_datapump_parallel_per_job  50
service_names		       prod
threaded_execution	       FALSE
clonedb_dir
enable_dnfs_dispatcher	       FALSE
gcs_server_processes	       0
active_instance_count
instance_mode		       READ-WRITE
sga_target		       0
memory_target		       1493172224

NAME			       VALUE
------------------------------ ------------------------------
memory_max_target	       1493172224
control_files		       /u01/app/oracle/oradata/PROD/c
			       ontrol01.ctl, /u01/app/oracle/
			       fast_recovery_area/PROD/contro
			       l02.ctl

db_file_name_convert
log_file_name_convert
control_file_record_keep_time  7
db_block_buffers	       0
db_block_checksum	       TYPICAL

NAME			       VALUE
------------------------------ ------------------------------
db_ultra_safe		       OFF
db_block_size		       8192
db_cache_size		       0
db_2k_cache_size	       0
db_4k_cache_size	       0
db_8k_cache_size	       0
db_16k_cache_size	       0
db_32k_cache_size	       0
db_keep_cache_size	       0
db_recycle_cache_size	       0
memoptimize_pool_size	       0

NAME			       VALUE
------------------------------ ------------------------------
db_big_table_cache_percent_tar 0
get

encrypt_new_tablespaces        CLOUD_ONLY
db_writer_processes	       1
buffer_pool_keep
buffer_pool_recycle
db_flash_cache_file
db_flash_cache_size	       0
db_cache_advice 	       ON
compatible		       19.0.0

NAME			       VALUE
------------------------------ ------------------------------
log_archive_dest_1
log_archive_dest_2
log_archive_dest_3
log_archive_dest_4
log_archive_dest_5
log_archive_dest_6
log_archive_dest_7
log_archive_dest_8
log_archive_dest_9
log_archive_dest_10
log_archive_dest_11

NAME			       VALUE
------------------------------ ------------------------------
log_archive_dest_12
log_archive_dest_13
log_archive_dest_14
log_archive_dest_15
log_archive_dest_16
log_archive_dest_17
log_archive_dest_18
log_archive_dest_19
log_archive_dest_20
log_archive_dest_21
log_archive_dest_22

NAME			       VALUE
------------------------------ ------------------------------
log_archive_dest_23
log_archive_dest_24
log_archive_dest_25
log_archive_dest_26
log_archive_dest_27
log_archive_dest_28
log_archive_dest_29
log_archive_dest_30
log_archive_dest_31
log_archive_dest_state_1       enable
log_archive_dest_state_2       enable

NAME			       VALUE
------------------------------ ------------------------------
log_archive_dest_state_3       enable
log_archive_dest_state_4       enable
log_archive_dest_state_5       enable
log_archive_dest_state_6       enable
log_archive_dest_state_7       enable
log_archive_dest_state_8       enable
log_archive_dest_state_9       enable
log_archive_dest_state_10      enable
log_archive_dest_state_11      enable
log_archive_dest_state_12      enable
log_archive_dest_state_13      enable

NAME			       VALUE
------------------------------ ------------------------------
log_archive_dest_state_14      enable
log_archive_dest_state_15      enable
log_archive_dest_state_16      enable
log_archive_dest_state_17      enable
log_archive_dest_state_18      enable
log_archive_dest_state_19      enable
log_archive_dest_state_20      enable
log_archive_dest_state_21      enable
log_archive_dest_state_22      enable
log_archive_dest_state_23      enable
log_archive_dest_state_24      enable

NAME			       VALUE
------------------------------ ------------------------------
log_archive_dest_state_25      enable
log_archive_dest_state_26      enable
log_archive_dest_state_27      enable
log_archive_dest_state_28      enable
log_archive_dest_state_29      enable
log_archive_dest_state_30      enable
log_archive_dest_state_31      enable
log_archive_start	       FALSE
log_archive_dest
log_archive_duplex_dest
log_archive_min_succeed_dest   1

NAME			       VALUE
------------------------------ ------------------------------
fal_client
fal_server
log_archive_trace	       0
data_guard_sync_latency        0
log_archive_config
log_archive_format	       %t_%s_%r.dbf
data_guard_max_io_time	       240
data_guard_max_longio_time     240
redo_transport_user
log_archive_max_processes      4
log_buffer		       7536640

NAME			       VALUE
------------------------------ ------------------------------
log_checkpoint_interval        0
log_checkpoint_timeout	       1800
archive_lag_target	       0
db_files		       200
db_file_multiblock_read_count  128
read_only_open_delayed	       FALSE
cluster_database	       FALSE
cluster_database_instances     1
db_create_file_dest
db_create_online_log_dest_1
db_create_online_log_dest_2

NAME			       VALUE
------------------------------ ------------------------------
db_create_online_log_dest_3
db_create_online_log_dest_4
db_create_online_log_dest_5
db_recovery_file_dest	       /u01/app/oracle/fast_recovery_
			       area

db_recovery_file_dest_size     8657043456
standby_file_management        MANUAL
db_unrecoverable_scn_tracking  TRUE
thread			       0
enabled_PDBs_on_standby        *

NAME			       VALUE
------------------------------ ------------------------------
fast_start_io_target	       0
fast_start_mttr_target	       0
log_checkpoints_to_alert       FALSE
db_lost_write_protect	       NONE
recovery_parallelism	       0
enable_goldengate_replication  FALSE
inmemory_adg_enabled	       TRUE
db_flashback_retention_target  1440
data_transfer_cache_size       0
enable_imc_with_mira	       FALSE
adg_account_info_tracking      LOCAL

NAME			       VALUE
------------------------------ ------------------------------
adg_redirect_dml	       FALSE
dml_locks		       2076
replication_dependency_trackin TRUE
g

transactions		       519
transactions_per_rollback_segm 5
ent

temp_undo_enabled	       FALSE
rollback_segments

NAME			       VALUE
------------------------------ ------------------------------
undo_management 	       AUTO
undo_tablespace 	       UNDOTBS1
undo_retention		       900
fast_start_parallel_rollback   LOW
resumable_timeout	       0
instance_number 	       0
heat_map		       OFF
inmemory_size		       0
inmemory_xmem_size	       0
inmemory_prefer_xmem_memcompre
ss

NAME			       VALUE
------------------------------ ------------------------------

inmemory_prefer_xmem_priority
allow_rowid_column_type        FALSE
db_block_checking	       FALSE
recyclebin		       on
db_index_compression_inheritan NONE
ce

db_securefile		       PREFERRED
inmemory_clause_default
inmemory_force		       DEFAULT

NAME			       VALUE
------------------------------ ------------------------------
inmemory_query		       ENABLE
inmemory_expressions_usage     ENABLE
inmemory_virtual_columns       MANUAL
inmemory_max_populate_servers  0
inmemory_trickle_repopulate_se 1
rvers_percent

inmemory_optimized_arithmetic  DISABLE
inmemory_automatic_level       OFF
create_stored_outlines
serial_reuse		       disable

NAME			       VALUE
------------------------------ ------------------------------
ldap_directory_access	       NONE
ldap_directory_sysauth	       no
os_roles		       FALSE
rdbms_server_dn
remote_os_authent	       FALSE
remote_os_roles 	       FALSE
sec_case_sensitive_logon       TRUE
remote_login_passwordfile      EXCLUSIVE
license_max_users	       0
audit_sys_operations	       TRUE
DBFIPS_140		       FALSE

NAME			       VALUE
------------------------------ ------------------------------
one_step_plugin_for_pdb_with_t FALSE
de

external_keystore_credential_l
ocation

unified_audit_sga_queue_size   1048576
wallet_root
tde_configuration
db_domain
global_names		       FALSE

NAME			       VALUE
------------------------------ ------------------------------
distributed_lock_timeout       60
commit_point_strength	       1
global_txn_processes	       1
instance_name		       prod
dispatchers		       (PROTOCOL=TCP) (SERVICE=prodXD
			       B)

shared_servers		       1
max_shared_servers
max_dispatchers
circuits

NAME			       VALUE
------------------------------ ------------------------------
shared_server_sessions
use_dedicated_broker	       FALSE
connection_brokers	       ((TYPE=DEDICATED)(BROKERS=1)),
				((TYPE=EMON)(BROKERS=1))

local_listener
forward_listener
remote_listener
listener_networks
cursor_space_for_time	       FALSE
session_cached_cursors	       50

NAME			       VALUE
------------------------------ ------------------------------
remote_dependencies_mode       TIMESTAMP
smtp_out_server
plsql_v2_compatibility	       FALSE
plsql_warnings		       DISABLE:ALL
plsql_code_type 	       INTERPRETED
plsql_debug		       FALSE
plsql_optimize_level	       2
plsql_ccflags
plscope_settings	       IDENTIFIERS:NONE
permit_92_wrap_format	       TRUE
java_jit_enabled	       TRUE

NAME			       VALUE
------------------------------ ------------------------------
java_restrict		       none
job_queue_processes	       20
scheduler_follow_pdbtz	       FALSE
parallel_min_percent	       0
create_bitmap_area_size        8388608
bitmap_merge_area_size	       1048576
cursor_sharing		       EXACT
result_cache_mode	       MANUAL
parallel_min_servers	       2
parallel_max_servers	       20
parallel_instance_group

NAME			       VALUE
------------------------------ ------------------------------
parallel_execution_message_siz 16384
e

hash_area_size		       131072
private_temp_table_prefix      ORA$PTT_
result_cache_max_size	       3735552
result_cache_max_result        5
result_cache_remote_expiration 0
shadow_core_dump	       partial
background_core_dump	       partial
background_dump_dest	       /u01/app/oracle/product/19.0.0

NAME			       VALUE
------------------------------ ------------------------------
			       /dbhome_1/rdbms/log

user_dump_dest		       /u01/app/oracle/product/19.0.0
			       /dbhome_1/rdbms/log

core_dump_dest		       /u01/app/oracle/diag/rdbms/pro
			       d/prod/cdump

audit_file_dest 	       /u01/app/oracle/admin/prod/adu
			       mp


NAME			       VALUE
------------------------------ ------------------------------
audit_syslog_level
unified_audit_systemlog
unified_audit_common_systemlog
resource_manage_goldengate     FALSE
object_cache_optimal_size      10240000
object_cache_max_size_percent  10
lob_signature_enable	       FALSE
session_max_open_files	       10
open_links		       4
open_links_per_instance        4
commit_write

NAME			       VALUE
------------------------------ ------------------------------
commit_wait
commit_logging
optimizer_features_enable      19.1.0
fixed_date
audit_trail		       DB
sort_area_size		       65536
sort_area_retained_size        0
cell_offload_processing        TRUE
cell_offload_decryption        TRUE
cell_offload_parameters
cell_offload_compaction        ADAPTIVE

NAME			       VALUE
------------------------------ ------------------------------
cell_offload_plan_display      AUTO
db_name 		       prod
db_unique_name		       prod
open_cursors		       300
ifile
sql_trace		       FALSE
os_authent_prefix	       ops$
optimizer_mode		       ALL_ROWS
sql92_security		       TRUE
blank_trimming		       FALSE
star_transformation_enabled    FALSE

NAME			       VALUE
------------------------------ ------------------------------
parallel_degree_policy	       MANUAL
parallel_adaptive_multi_user   FALSE
parallel_threads_per_cpu       1
optimizer_index_cost_adj       100
optimizer_index_caching        0
query_rewrite_enabled	       TRUE
query_rewrite_integrity        enforced
pga_aggregate_target	       0
workarea_size_policy	       AUTO
optimizer_dynamic_sampling     2
statistics_level	       TYPICAL

NAME			       VALUE
------------------------------ ------------------------------
cursor_bind_capture_destinatio memory+disk
n

skip_unusable_indexes	       TRUE
optimizer_ignore_hints	       FALSE
optimizer_secure_view_merging  TRUE
ddl_lock_timeout	       0
deferred_segment_creation      TRUE
optimizer_use_pending_statisti FALSE
cs


NAME			       VALUE
------------------------------ ------------------------------
optimizer_capture_sql_plan_bas FALSE
elines

optimizer_use_sql_plan_baselin TRUE
es

parallel_min_time_threshold    AUTO
parallel_degree_limit	       CPU
parallel_force_local	       FALSE
optimizer_use_invisible_indexe FALSE
s

NAME			       VALUE
------------------------------ ------------------------------

dst_upgrade_insert_conv        TRUE
parallel_servers_target        8
max_string_size 	       STANDARD
optimizer_adaptive_reporting_o FALSE
nly

optimizer_adaptive_plans       TRUE
optimizer_inmemory_aware       TRUE
cursor_invalidation	       IMMEDIATE
approx_for_aggregation	       FALSE

NAME			       VALUE
------------------------------ ------------------------------
approx_for_count_distinct      FALSE
approx_for_percentile	       none
optimizer_adaptive_statistics  FALSE
optimizer_ignore_parallel_hint FALSE
s

parallel_min_degree	       1
sec_protocol_error_trace_actio TRACE
n

sec_protocol_error_further_act (DROP,3)

NAME			       VALUE
------------------------------ ------------------------------
ion

sec_max_failed_login_attempts  3
sec_return_server_release_bann FALSE
er

enable_ddl_logging	       FALSE
client_result_cache_size       0
client_result_cache_lag        3000
outbound_dblink_protocols      ALL
allow_global_dblinks	       FALSE

NAME			       VALUE
------------------------------ ------------------------------
client_statistics_level        TYPICAL
aq_tm_processes 	       1
hs_autoregister 	       TRUE
xml_db_events		       enable
dg_broker_start 	       FALSE
dg_broker_config_file1	       /u01/app/oracle/product/19.0.0
			       /dbhome_1/dbs/dr1prod.dat

dg_broker_config_file2	       /u01/app/oracle/product/19.0.0
			       /dbhome_1/dbs/dr2prod.dat


NAME			       VALUE
------------------------------ ------------------------------
olap_page_pool_size	       0
asm_diskstring
asm_preferred_read_failure_gro
ups

control_management_pack_access DIAGNOSTIC+TUNING
awr_pdb_autoflush_enabled      FALSE
awr_pdb_max_parallel_slaves    10
awr_snapshot_time_offset       0
sqltune_category	       DEFAULT
autotask_max_active_pdbs       2

NAME			       VALUE
------------------------------ ------------------------------
enable_automatic_maintenance_p TRUE
db

spatial_vector_acceleration    FALSE
diagnostic_dest 	       /u01/app/oracle
tracefile_identifier
max_dump_file_size	       unlimited
trace_enabled		       TRUE
cell_offloadgroup_name
enable_pluggable_database      FALSE
pdb_os_credential

NAME			       VALUE
------------------------------ ------------------------------
pdb_file_name_convert
noncdb_compatible	       FALSE
common_user_prefix	       C##
target_pdbs		       0
max_pdbs		       254
cdb_cluster		       FALSE
cdb_cluster_name
standby_pdb_source_file_direct
ory

standby_pdb_source_file_dblink

NAME			       VALUE
------------------------------ ------------------------------
remote_recovery_file_dest
disable_pdb_feature	       0
containers_parallel_degree     65535
default_sharing 	       metadata
pdb_lockdown
pdb_template
shrd_dupl_table_refresh_rate   60
multishard_query_data_consiste strong
ncy

multishard_query_partial_resul not allowed

NAME			       VALUE
------------------------------ ------------------------------
ts


445 rows selected.

SQL> desc v$parameter;
 Name					   Null?    Type
 ----------------------------------------- -------- ----------------------------
 NUM						    NUMBER
 NAME						    VARCHAR2(80)
 TYPE						    NUMBER
 VALUE						    VARCHAR2(4000)
 DISPLAY_VALUE					    VARCHAR2(4000)
 DEFAULT_VALUE					    VARCHAR2(255)
 ISDEFAULT					    VARCHAR2(9)
 ISSES_MODIFIABLE				    VARCHAR2(5)
 ISSYS_MODIFIABLE				    VARCHAR2(9)
 ISPDB_MODIFIABLE				    VARCHAR2(5)
 ISINSTANCE_MODIFIABLE				    VARCHAR2(5)
 ISMODIFIED					    VARCHAR2(10)
 ISADJUSTED					    VARCHAR2(5)
 ISDEPRECATED					    VARCHAR2(5)
 ISBASIC					    VARCHAR2(5)
 DESCRIPTION					    VARCHAR2(255)
 UPDATE_COMMENT 				    VARCHAR2(255)
 HASH						    NUMBER
 CON_ID 					    NUMBER

SQL> select name,con_id from v$parameter;

NAME				   CON_ID
------------------------------ ----------
lock_name_space 			0
processes				0
sessions				0
timed_statistics			0
timed_os_statistics			0
resource_limit				0
license_max_sessions			0
license_sessions_warning		0
long_module_action			0
standby_db_preserve_states		0
instance_abort_delay_time		0

NAME				   CON_ID
------------------------------ ----------
cpu_count				0
cpu_min_count				0
instance_groups 			0
event					0
sga_max_size				0
use_large_pages 			0
pre_page_sga				0
shared_memory_address			0
hi_shared_memory_address		0
lock_sga				0
processor_group_name			0

NAME				   CON_ID
------------------------------ ----------
allow_group_access_to_sga		0
sga_min_size				0
shared_pool_size			0
large_pool_size 			0
java_pool_size				0
streams_pool_size			0
shared_pool_reserved_size		0
java_soft_sessionspace_limit		0
java_max_sessionspace_size		0
pga_aggregate_limit			0
spfile					0

NAME				   CON_ID
------------------------------ ----------
instance_type				0
uniform_log_timestamp_format		0
nls_language				0
nls_territory				0
nls_sort				0
nls_date_language			0
nls_date_format 			0
nls_currency				0
nls_numeric_characters			0
nls_iso_currency			0
nls_calendar				0

NAME				   CON_ID
------------------------------ ----------
nls_time_format 			0
nls_timestamp_format			0
nls_time_tz_format			0
nls_timestamp_tz_format 		0
nls_dual_currency			0
nls_comp				0
nls_length_semantics			0
nls_nchar_conv_excp			0
disk_asynch_io				0
tape_asynch_io				0
dbwr_io_slaves				0

NAME				   CON_ID
------------------------------ ----------
backup_tape_io_slaves			0
fileio_network_adapters 		0
filesystemio_options			0
dnfs_batch_size 			0
clonedb 				0
instant_restore 			0
http_proxy				0
ssl_wallet				0
ofs_threads				0
resource_manager_cpu_allocatio		0
n

NAME				   CON_ID
------------------------------ ----------

resource_manager_plan			0
db_performance_profile			0
max_iops				0
max_mbps				0
max_idle_time				0
max_idle_blocker_time			0
cluster_interconnects			0
file_mapping				0
max_datapump_jobs_per_pdb		0
max_datapump_parallel_per_job		0

NAME				   CON_ID
------------------------------ ----------
service_names				0
threaded_execution			0
clonedb_dir				0
enable_dnfs_dispatcher			0
gcs_server_processes			0
active_instance_count			0
instance_mode				0
sga_target				0
memory_target				0
memory_max_target			0
control_files				0

NAME				   CON_ID
------------------------------ ----------
db_file_name_convert			0
log_file_name_convert			0
control_file_record_keep_time		0
db_block_buffers			0
db_block_checksum			0
db_ultra_safe				0
db_block_size				0
db_cache_size				0
db_2k_cache_size			0
db_4k_cache_size			0
db_8k_cache_size			0

NAME				   CON_ID
------------------------------ ----------
db_16k_cache_size			0
db_32k_cache_size			0
db_keep_cache_size			0
db_recycle_cache_size			0
memoptimize_pool_size			0
db_big_table_cache_percent_tar		0
get

encrypt_new_tablespaces 		0
db_writer_processes			0
buffer_pool_keep			0

NAME				   CON_ID
------------------------------ ----------
buffer_pool_recycle			0
db_flash_cache_file			0
db_flash_cache_size			0
db_cache_advice 			0
compatible				0
log_archive_dest_1			0
log_archive_dest_2			0
log_archive_dest_3			0
log_archive_dest_4			0
log_archive_dest_5			0
log_archive_dest_6			0

NAME				   CON_ID
------------------------------ ----------
log_archive_dest_7			0
log_archive_dest_8			0
log_archive_dest_9			0
log_archive_dest_10			0
log_archive_dest_11			0
log_archive_dest_12			0
log_archive_dest_13			0
log_archive_dest_14			0
log_archive_dest_15			0
log_archive_dest_16			0
log_archive_dest_17			0

NAME				   CON_ID
------------------------------ ----------
log_archive_dest_18			0
log_archive_dest_19			0
log_archive_dest_20			0
log_archive_dest_21			0
log_archive_dest_22			0
log_archive_dest_23			0
log_archive_dest_24			0
log_archive_dest_25			0
log_archive_dest_26			0
log_archive_dest_27			0
log_archive_dest_28			0

NAME				   CON_ID
------------------------------ ----------
log_archive_dest_29			0
log_archive_dest_30			0
log_archive_dest_31			0
log_archive_dest_state_1		0
log_archive_dest_state_2		0
log_archive_dest_state_3		0
log_archive_dest_state_4		0
log_archive_dest_state_5		0
log_archive_dest_state_6		0
log_archive_dest_state_7		0
log_archive_dest_state_8		0

NAME				   CON_ID
------------------------------ ----------
log_archive_dest_state_9		0
log_archive_dest_state_10		0
log_archive_dest_state_11		0
log_archive_dest_state_12		0
log_archive_dest_state_13		0
log_archive_dest_state_14		0
log_archive_dest_state_15		0
log_archive_dest_state_16		0
log_archive_dest_state_17		0
log_archive_dest_state_18		0
log_archive_dest_state_19		0

NAME				   CON_ID
------------------------------ ----------
log_archive_dest_state_20		0
log_archive_dest_state_21		0
log_archive_dest_state_22		0
log_archive_dest_state_23		0
log_archive_dest_state_24		0
log_archive_dest_state_25		0
log_archive_dest_state_26		0
log_archive_dest_state_27		0
log_archive_dest_state_28		0
log_archive_dest_state_29		0
log_archive_dest_state_30		0

NAME				   CON_ID
------------------------------ ----------
log_archive_dest_state_31		0
log_archive_start			0
log_archive_dest			0
log_archive_duplex_dest 		0
log_archive_min_succeed_dest		0
fal_client				0
fal_server				0
log_archive_trace			0
data_guard_sync_latency 		0
log_archive_config			0
log_archive_format			0

NAME				   CON_ID
------------------------------ ----------
data_guard_max_io_time			0
data_guard_max_longio_time		0
redo_transport_user			0
log_archive_max_processes		0
log_buffer				0
log_checkpoint_interval 		0
log_checkpoint_timeout			0
archive_lag_target			0
db_files				0
db_file_multiblock_read_count		0
read_only_open_delayed			0

NAME				   CON_ID
------------------------------ ----------
cluster_database			0
cluster_database_instances		0
db_create_file_dest			0
db_create_online_log_dest_1		0
db_create_online_log_dest_2		0
db_create_online_log_dest_3		0
db_create_online_log_dest_4		0
db_create_online_log_dest_5		0
db_recovery_file_dest			0
db_recovery_file_dest_size		0
standby_file_management 		0

NAME				   CON_ID
------------------------------ ----------
db_unrecoverable_scn_tracking		0
thread					0
enabled_PDBs_on_standby 		0
fast_start_io_target			0
fast_start_mttr_target			0
log_checkpoints_to_alert		0
db_lost_write_protect			0
recovery_parallelism			0
enable_goldengate_replication		0
inmemory_adg_enabled			0
db_flashback_retention_target		0

NAME				   CON_ID
------------------------------ ----------
data_transfer_cache_size		0
enable_imc_with_mira			0
adg_account_info_tracking		0
adg_redirect_dml			0
dml_locks				0
replication_dependency_trackin		0
g

transactions				0
transactions_per_rollback_segm		0
ent

NAME				   CON_ID
------------------------------ ----------

temp_undo_enabled			0
rollback_segments			0
undo_management 			0
undo_tablespace 			0
undo_retention				0
fast_start_parallel_rollback		0
resumable_timeout			0
instance_number 			0
heat_map				0
inmemory_size				0

NAME				   CON_ID
------------------------------ ----------
inmemory_xmem_size			0
inmemory_prefer_xmem_memcompre		0
ss

inmemory_prefer_xmem_priority		0
allow_rowid_column_type 		0
db_block_checking			0
recyclebin				0
db_index_compression_inheritan		0
ce


NAME				   CON_ID
------------------------------ ----------
db_securefile				0
inmemory_clause_default 		0
inmemory_force				0
inmemory_query				0
inmemory_expressions_usage		0
inmemory_virtual_columns		0
inmemory_max_populate_servers		0
inmemory_trickle_repopulate_se		0
rvers_percent

inmemory_optimized_arithmetic		0

NAME				   CON_ID
------------------------------ ----------
inmemory_automatic_level		0
create_stored_outlines			0
serial_reuse				0
ldap_directory_access			0
ldap_directory_sysauth			0
os_roles				0
rdbms_server_dn 			0
remote_os_authent			0
remote_os_roles 			0
sec_case_sensitive_logon		0
remote_login_passwordfile		0

NAME				   CON_ID
------------------------------ ----------
license_max_users			0
audit_sys_operations			0
DBFIPS_140				0
one_step_plugin_for_pdb_with_t		0
de

external_keystore_credential_l		0
ocation

unified_audit_sga_queue_size		0
wallet_root				0

NAME				   CON_ID
------------------------------ ----------
tde_configuration			0
db_domain				0
global_names				0
distributed_lock_timeout		0
commit_point_strength			0
global_txn_processes			0
instance_name				0
dispatchers				0
shared_servers				0
max_shared_servers			0
max_dispatchers 			0

NAME				   CON_ID
------------------------------ ----------
circuits				0
shared_server_sessions			0
use_dedicated_broker			0
connection_brokers			0
local_listener				0
forward_listener			0
remote_listener 			0
listener_networks			0
cursor_space_for_time			0
session_cached_cursors			0
remote_dependencies_mode		0

NAME				   CON_ID
------------------------------ ----------
smtp_out_server 			0
plsql_v2_compatibility			0
plsql_warnings				0
plsql_code_type 			0
plsql_debug				0
plsql_optimize_level			0
plsql_ccflags				0
plscope_settings			0
permit_92_wrap_format			0
java_jit_enabled			0
java_restrict				0

NAME				   CON_ID
------------------------------ ----------
job_queue_processes			0
scheduler_follow_pdbtz			0
parallel_min_percent			0
create_bitmap_area_size 		0
bitmap_merge_area_size			0
cursor_sharing				0
result_cache_mode			0
parallel_min_servers			0
parallel_max_servers			0
parallel_instance_group 		0
parallel_execution_message_siz		0

NAME				   CON_ID
------------------------------ ----------
e

hash_area_size				0
private_temp_table_prefix		0
result_cache_max_size			0
result_cache_max_result 		0
result_cache_remote_expiration		0
shadow_core_dump			0
background_core_dump			0
background_dump_dest			0
user_dump_dest				0

NAME				   CON_ID
------------------------------ ----------
core_dump_dest				0
audit_file_dest 			0
audit_syslog_level			0
unified_audit_systemlog 		0
unified_audit_common_systemlog		0
resource_manage_goldengate		0
object_cache_optimal_size		0
object_cache_max_size_percent		0
lob_signature_enable			0
session_max_open_files			0
open_links				0

NAME				   CON_ID
------------------------------ ----------
open_links_per_instance 		0
commit_write				0
commit_wait				0
commit_logging				0
optimizer_features_enable		0
fixed_date				0
audit_trail				0
sort_area_size				0
sort_area_retained_size 		0
cell_offload_processing 		0
cell_offload_decryption 		0

NAME				   CON_ID
------------------------------ ----------
cell_offload_parameters 		0
cell_offload_compaction 		0
cell_offload_plan_display		0
db_name 				0
db_unique_name				0
open_cursors				0
ifile					0
sql_trace				0
os_authent_prefix			0
optimizer_mode				0
sql92_security				0

NAME				   CON_ID
------------------------------ ----------
blank_trimming				0
star_transformation_enabled		0
parallel_degree_policy			0
parallel_adaptive_multi_user		0
parallel_threads_per_cpu		0
optimizer_index_cost_adj		0
optimizer_index_caching 		0
query_rewrite_enabled			0
query_rewrite_integrity 		0
pga_aggregate_target			0
workarea_size_policy			0

NAME				   CON_ID
------------------------------ ----------
optimizer_dynamic_sampling		0
statistics_level			0
cursor_bind_capture_destinatio		0
n

skip_unusable_indexes			0
optimizer_ignore_hints			0
optimizer_secure_view_merging		0
ddl_lock_timeout			0
deferred_segment_creation		0
optimizer_use_pending_statisti		0

NAME				   CON_ID
------------------------------ ----------
cs

optimizer_capture_sql_plan_bas		0
elines

optimizer_use_sql_plan_baselin		0
es

parallel_min_time_threshold		0
parallel_degree_limit			0
parallel_force_local			0

NAME				   CON_ID
------------------------------ ----------
optimizer_use_invisible_indexe		0
s

dst_upgrade_insert_conv 		0
parallel_servers_target 		0
max_string_size 			0
optimizer_adaptive_reporting_o		0
nly

optimizer_adaptive_plans		0
optimizer_inmemory_aware		0

NAME				   CON_ID
------------------------------ ----------
cursor_invalidation			0
approx_for_aggregation			0
approx_for_count_distinct		0
approx_for_percentile			0
optimizer_adaptive_statistics		0
optimizer_ignore_parallel_hint		0
s

parallel_min_degree			0
sec_protocol_error_trace_actio		0
n

NAME				   CON_ID
------------------------------ ----------

sec_protocol_error_further_act		0
ion

sec_max_failed_login_attempts		0
sec_return_server_release_bann		0
er

enable_ddl_logging			0
client_result_cache_size		0
client_result_cache_lag 		0

NAME				   CON_ID
------------------------------ ----------
outbound_dblink_protocols		0
allow_global_dblinks			0
client_statistics_level 		0
aq_tm_processes 			0
hs_autoregister 			0
xml_db_events				0
dg_broker_start 			0
dg_broker_config_file1			0
dg_broker_config_file2			0
olap_page_pool_size			0
asm_diskstring				0

NAME				   CON_ID
------------------------------ ----------
asm_preferred_read_failure_gro		0
ups

control_management_pack_access		0
awr_pdb_autoflush_enabled		0
awr_pdb_max_parallel_slaves		0
awr_snapshot_time_offset		0
sqltune_category			0
autotask_max_active_pdbs		0
enable_automatic_maintenance_p		0
db

NAME				   CON_ID
------------------------------ ----------

spatial_vector_acceleration		0
diagnostic_dest 			0
tracefile_identifier			0
max_dump_file_size			0
trace_enabled				0
cell_offloadgroup_name			0
enable_pluggable_database		0
pdb_os_credential			0
pdb_file_name_convert			0
noncdb_compatible			0

NAME				   CON_ID
------------------------------ ----------
common_user_prefix			0
target_pdbs				0
max_pdbs				0
cdb_cluster				0
cdb_cluster_name			0
standby_pdb_source_file_direct		0
ory

standby_pdb_source_file_dblink		0
remote_recovery_file_dest		0
disable_pdb_feature			0

NAME				   CON_ID
------------------------------ ----------
containers_parallel_degree		0
default_sharing 			0
pdb_lockdown				0
pdb_template				0
shrd_dupl_table_refresh_rate		0
multishard_query_data_consiste		0
ncy

multishard_query_partial_resul		0
ts


445 rows selected.

SQL> desc v$session
 Name					   Null?    Type
 ----------------------------------------- -------- ----------------------------
 SADDR						    RAW(8)
 SID						    NUMBER
 SERIAL#					    NUMBER
 AUDSID 					    NUMBER
 PADDR						    RAW(8)
 USER#						    NUMBER
 USERNAME					    VARCHAR2(128)
 COMMAND					    NUMBER
 OWNERID					    NUMBER
 TADDR						    VARCHAR2(16)
 LOCKWAIT					    VARCHAR2(16)
 STATUS 					    VARCHAR2(8)
 SERVER 					    VARCHAR2(9)
 SCHEMA#					    NUMBER
 SCHEMANAME					    VARCHAR2(128)
 OSUSER 					    VARCHAR2(128)
 PROCESS					    VARCHAR2(24)
 MACHINE					    VARCHAR2(64)
 PORT						    NUMBER
 TERMINAL					    VARCHAR2(30)
 PROGRAM					    VARCHAR2(48)
 TYPE						    VARCHAR2(10)
 SQL_ADDRESS					    RAW(8)
 SQL_HASH_VALUE 				    NUMBER
 SQL_ID 					    VARCHAR2(13)
 SQL_CHILD_NUMBER				    NUMBER
 SQL_EXEC_START 				    DATE
 SQL_EXEC_ID					    NUMBER
 PREV_SQL_ADDR					    RAW(8)
 PREV_HASH_VALUE				    NUMBER
 PREV_SQL_ID					    VARCHAR2(13)
 PREV_CHILD_NUMBER				    NUMBER
 PREV_EXEC_START				    DATE
 PREV_EXEC_ID					    NUMBER
 PLSQL_ENTRY_OBJECT_ID				    NUMBER
 PLSQL_ENTRY_SUBPROGRAM_ID			    NUMBER
 PLSQL_OBJECT_ID				    NUMBER
 PLSQL_SUBPROGRAM_ID				    NUMBER
 MODULE 					    VARCHAR2(64)
 MODULE_HASH					    NUMBER
 ACTION 					    VARCHAR2(64)
 ACTION_HASH					    NUMBER
 CLIENT_INFO					    VARCHAR2(64)
 FIXED_TABLE_SEQUENCE				    NUMBER
 ROW_WAIT_OBJ#					    NUMBER
 ROW_WAIT_FILE# 				    NUMBER
 ROW_WAIT_BLOCK#				    NUMBER
 ROW_WAIT_ROW#					    NUMBER
 TOP_LEVEL_CALL#				    NUMBER
 LOGON_TIME					    DATE
 LAST_CALL_ET					    NUMBER
 PDML_ENABLED					    VARCHAR2(3)
 FAILOVER_TYPE					    VARCHAR2(13)
 FAILOVER_METHOD				    VARCHAR2(10)
 FAILED_OVER					    VARCHAR2(3)
 RESOURCE_CONSUMER_GROUP			    VARCHAR2(32)
 PDML_STATUS					    VARCHAR2(8)
 PDDL_STATUS					    VARCHAR2(8)
 PQ_STATUS					    VARCHAR2(8)
 CURRENT_QUEUE_DURATION 			    NUMBER
 CLIENT_IDENTIFIER				    VARCHAR2(64)
 BLOCKING_SESSION_STATUS			    VARCHAR2(11)
 BLOCKING_INSTANCE				    NUMBER
 BLOCKING_SESSION				    NUMBER
 FINAL_BLOCKING_SESSION_STATUS			    VARCHAR2(11)
 FINAL_BLOCKING_INSTANCE			    NUMBER
 FINAL_BLOCKING_SESSION 			    NUMBER
 SEQ#						    NUMBER
 EVENT# 					    NUMBER
 EVENT						    VARCHAR2(64)
 P1TEXT 					    VARCHAR2(64)
 P1						    NUMBER
 P1RAW						    RAW(8)
 P2TEXT 					    VARCHAR2(64)
 P2						    NUMBER
 P2RAW						    RAW(8)
 P3TEXT 					    VARCHAR2(64)
 P3						    NUMBER
 P3RAW						    RAW(8)
 WAIT_CLASS_ID					    NUMBER
 WAIT_CLASS#					    NUMBER
 WAIT_CLASS					    VARCHAR2(64)
 WAIT_TIME					    NUMBER
 SECONDS_IN_WAIT				    NUMBER
 STATE						    VARCHAR2(19)
 WAIT_TIME_MICRO				    NUMBER
 TIME_REMAINING_MICRO				    NUMBER
 TIME_SINCE_LAST_WAIT_MICRO			    NUMBER
 SERVICE_NAME					    VARCHAR2(64)
 SQL_TRACE					    VARCHAR2(8)
 SQL_TRACE_WAITS				    VARCHAR2(5)
 SQL_TRACE_BINDS				    VARCHAR2(5)
 SQL_TRACE_PLAN_STATS				    VARCHAR2(10)
 SESSION_EDITION_ID				    NUMBER
 CREATOR_ADDR					    RAW(8)
 CREATOR_SERIAL#				    NUMBER
 ECID						    VARCHAR2(64)
 SQL_TRANSLATION_PROFILE_ID			    NUMBER
 PGA_TUNABLE_MEM				    NUMBER
 SHARD_DDL_STATUS				    VARCHAR2(8)
 CON_ID 					    NUMBER
 EXTERNAL_NAME					    VARCHAR2(1024)
 PLSQL_DEBUGGER_CONNECTED			    VARCHAR2(5)

SQL> select sid,STATUS, USERNAME,SERVICE_NAME from v$session where username='SYS';

       SID STATUS
---------- --------
USERNAME
--------------------------------------------------------------------------------
SERVICE_NAME
----------------------------------------------------------------
	 1 INACTIVE
SYS
SYS$USERS

	12 ACTIVE
SYS
SYS$BACKGROUND

       SID STATUS
---------- --------
USERNAME
--------------------------------------------------------------------------------
SERVICE_NAME
----------------------------------------------------------------

	61 ACTIVE
SYS
SYS$USERS


SQL> col SERVICE_NAME for a30
SQL> select sid,STATUS, USERNAME,SERVICE_NAME from v$session where username='SYS';

       SID STATUS
---------- --------
USERNAME
--------------------------------------------------------------------------------
SERVICE_NAME
------------------------------
	 1 INACTIVE
SYS
SYS$USERS

	12 ACTIVE
SYS
SYS$BACKGROUND

       SID STATUS
---------- --------
USERNAME
--------------------------------------------------------------------------------
SERVICE_NAME
------------------------------

	61 ACTIVE
SYS
SYS$USERS


SQL> col USERNAME for a30;
SQL> select sid,STATUS, USERNAME,SERVICE_NAME from v$session where username='SYS';

       SID STATUS   USERNAME
---------- -------- ------------------------------
SERVICE_NAME
------------------------------
	 1 INACTIVE SYS
SYS$USERS

	12 ACTIVE   SYS
SYS$BACKGROUND

	61 ACTIVE   SYS
SYS$USERS


SQL> col USERNAME for a20;
SQL> select sid,STATUS, USERNAME,SERVICE_NAME from v$session where username='SYS';

       SID STATUS   USERNAME		 SERVICE_NAME
---------- -------- -------------------- ------------------------------
	 1 INACTIVE SYS 		 SYS$USERS
	12 ACTIVE   SYS 		 SYS$BACKGROUND
	61 ACTIVE   SYS 		 SYS$USERS

SQL> desc dict;
 Name					   Null?    Type
 ----------------------------------------- -------- ----------------------------
 TABLE_NAME					    VARCHAR2(128)
 COMMENTS					    VARCHAR2(4000)

SQL> sho sga;

Total System Global Area 1493168352 bytes
Fixed Size		    8896736 bytes
Variable Size		  889192448 bytes
Database Buffers	  587202560 bytes
Redo Buffers		    7876608 bytes
SQL> 
